// Jest Snapshot v1, https://goo.gl/fbAQLP

exports[`Testing ButtonSearch snapshot renders correctly 1`] = `
<button
  className="button"
  data-testid="submit-button"
  onClick={[MockFunction]}
>
  Search
</button>
`;
